C:\Users\Mark\OneDrive\Documents\Python\my-project>cd yourpar mvp

C:\Users\Mark\OneDrive\Documents\Python\my-project\YourPar MVP>eas login
Log in to EAS with email or username (exit and run eas login --help to see other login options)
√ Email or username ... mdawesy@gmail.com
√ Password ... ********
Your username, email, or password was incorrect.
    Error: account:login command failed.

C:\Users\Mark\OneDrive\Documents\Python\my-project\YourPar MVP>npm install -g eas cli
npm warn deprecated inflight@1.0.6: This module is not supported, and leaks memory. Do not use it. Check out lru-cache if you want a good and tested way to coalesce async requests by a key value, which is much more comprehensive and powerful.
npm warn deprecated glob@7.2.3: Old versions of glob are not supported, and contain widely publicized security vulnerabilities, which have been fixed in the current version. Please update. Support for old versions may be purchased (at exorbitant rates) by contacting i@izs.me

added 14 packages in 3s

1 package is looking for funding
  run `npm fund` for details
npm notice
npm notice New minor version of npm available! 11.6.4 -> 11.9.0
npm notice Changelog: https://github.com/npm/cli/releases/tag/v11.9.0
npm notice To update run: npm install -g npm@11.9.0
npm notice

C:\Users\Mark\OneDrive\Documents\Python\my-project\YourPar MVP>eas login
★ eas-cli@16.32.0 is now available.
To upgrade, run:
npm install -g eas-cli
Proceeding with outdated version.  

Log in to EAS with email or username (exit and run eas login --help to see other login options)
× Email or username ...

C:\Users\Mark\OneDrive\Documents\Python\my-project\YourPar MVP>eas login 
★ eas-cli@16.32.0 is now available.
To upgrade, run:
npm install -g eas-cli
Proceeding with outdated version.

Log in to EAS with email or username (exit and run eas login --help to see other login options)
√ Email or username ... mdawesy@gmail.com
√ Password ... *************
Logged in

C:\Users\Mark\OneDrive\Documents\Python\my-project\YourPar MVP>eas build --platform ios
★ eas-cli@16.32.0 is now available.
To upgrade, run:
npm install -g eas-cli
Proceeding with outdated version.

√ Generated eas.json. Learn more: https://docs.expo.dev/build-reference/eas-json/
EAS project not configured.
√ Would you like to automatically create an EAS project for @discodev/yourpar? ... no
EAS project ID configuration canceled for @discodev/yourpar. Run 'eas init' to configure.
    Error: build command failed.

C:\Users\Mark\OneDrive\Documents\Python\my-project\YourPar MVP>npm install -g eas-cli
npm warn deprecated inflight@1.0.6: This module is not supported, and leaks memory. Do not use it. Check out lru-cache if you want a good and tested way to coalesce async requests by a key value, which is much more comprehensive and powerful.
npm warn deprecated lodash.get@4.4.2: This package is deprecated. Use the optional chaining (?.) operator instead.      
npm warn deprecated rimraf@2.4.5: Rimraf versions prior to v4 are no longer supported
npm warn deprecated @oclif/screen@3.0.8: Package no longer supported. Contact Support at https://www.npmjs.com/support for more info.
npm warn deprecated glob@6.0.4: Old versions of glob are not supported, and contain widely publicized security vulnerabilities, which have been fixed in the current version. Please update. Support for old versions may be purchased (at exorbitant rates) by contacting i@izs.me
npm warn deprecated @xmldom/xmldom@0.7.13: this version is no longer supported, please update to at least 0.8.*
npm warn deprecated tar@6.2.1: Old versions of tar are not supported, and contain widely publicized security vulnerabilities, which have been fixed in the current version. Please update. Support for old versions may be purchased (at exorbitant rates) by contacting i@izs.me
npm warn deprecated glob@10.5.0: Old versions of glob are not supported, and contain widely publicized security vulnerabilities, which have been fixed in the current version. Please update. Support for old versions may be purchased (at exorbitant rates) by contacting i@izs.me

changed 459 packages in 51s

55 packages are looking for funding
  run `npm fund` for details

C:\Users\Mark\OneDrive\Documents\Python\my-project\YourPar MVP>eas build --platform ios
EAS project not configured.
√ Would you like to automatically create an EAS project for @discodev/yourpar? ... yes
✔ Created @discodev/yourpar: https://expo.dev/accounts/discodev/projects/yourpar on EAS
✔ Linked local project to EAS project e573d6f1-7efd-4692-875b-21d1bb6e1d3b
Resolved "production" environment for the build. Learn more: https://docs.expo.dev/eas/environment-variables/#setting-the-environment-for-your-builds
No environment variables with visibility "Plain text" and "Sensitive" found for the "production" environment on EAS.

√ iOS app only uses standard/exempt encryption? Learn more: https://developer.apple.com/documentation/Security/complying-with-encryption-export-regulations ... yes
No remote versions are configured for this project, buildNumber will be initialized based on the value from the local project.
✔ Initialized buildNumber with 1.


✔ Using remote iOS credentials (Expo server)

If you provide your Apple account credentials we will be able to generate all necessary build credentials and fully validate them.
This is optional, but without Apple account access you will need to provide all the missing values manually and we can only run minimal validation on them.
√ Do you want to log in to your Apple account? ... yes

› Log in to your Apple Developer account to continue
√ Apple ID: ... mdawesy@gmail.com
› The password is only used to authenticate with Apple and never stored on EAS servers
  Learn more: https://bit.ly/2VtGWhU
√ Password (for mdawesy@gmail.com): ... *******
› Saving Apple ID password to the local Keychain
  Learn more: https://docs.expo.dev/distribution/security#keychain
× Logging in...
Invalid username and password combination. Used 'mdawesy@gmail.com' as the username.
√ Would you like to try again? ... no / yes
› Log in to your Apple Developer account to continue
√ Apple ID: ... mdawesy@gmail.com
› The password is only used to authenticate with Apple and never stored on EAS servers
  Learn more: https://bit.ly/2VtGWhU
√ Password (for mdawesy@gmail.com): ... ********
› Saving Apple ID password to the local Keychain
  Learn more: https://docs.expo.dev/distribution/security#keychain
√ Logged in, verify your Apple account to continue
Two-factor Authentication (6 digit code) is enabled for mdawesy@gmail.com. Learn more: https://support.apple.com/en-us/HT204915

√ How do you want to validate your account? ... device / sms
√ Please enter the 6 digit code ... 876404
√ Valid code
√ Logged in and verified
› Team Mark Dawes (784AX497LF)
› Provider Mark Dawes (128527704)
✔ Bundle identifier registered com.markdawes.yourpar
✔ Synced capabilities: No updates
✔ Synced capability identifiers: No updates
✔ Fetched Apple distribution certificates
√ Generate a new Apple Distribution Certificate? ... yes
✔ Created Apple distribution certificate
✔ Created distribution certificate
√ Generate a new Apple Provisioning Profile? ... yes
✔ Created Apple provisioning profile
✔ Created provisioning profile

Project Credentials Configuration

Project                   @discodev/yourpar
Bundle Identifier         com.markdawes.yourpar

App Store Configuration 

Distribution Certificate
Serial Number             2F1561FC224F8042EE9E1B261E069F5F
Expiration Date           Mon, 08 Feb 2027 11:21:29 EDT
Apple Team                784AX497LF (Mark Dawes (Individual))
Updated                   11 seconds ago

Provisioning Profile    
Developer Portal ID       JHF69QN9T9
Status                    active
Expiration                Mon, 08 Feb 2027 11:21:29 EDT
Apple Team                784AX497LF (Mark Dawes (Individual))
Updated                   4 seconds ago

All credentials are ready to build @discodev/yourpar (com.markdawes.yourpar)


Compressing project files and uploading to EAS Build. Learn more: https://expo.fyi/eas-build-archive
✔ Compressed project files 14s (30.4 MB)
✔ Uploaded to EAS 59s
⌛️ Computing the project fingerprint is taking longer than expected...
⏩ To skip this step, set the environment variable: EAS_SKIP_AUTO_FINGERPRINT=1
✔ Computed project fingerprint

See logs: https://expo.dev/accounts/discodev/projects/yourpar/builds/a9d3d9a1-0d6a-4aaa-8b5b-5f2c98d5edf3

Waiting for build to complete. You can press Ctrl+C to exit.
✖ Build failed

🍏 iOS build failed:
Unknown error. See logs of the Install dependencies build phase for more information.

C:\Users\Mark\OneDrive\Documents\Python\my-project\YourPar MVP>npm install

up to date, audited 1087 packages in 7s

180 packages are looking for funding
  run `npm fund` for details

2 high severity vulnerabilities

To address all issues, run:
  npm audit fix

Run `npm audit` for details.

C:\Users\Mark\OneDrive\Documents\Python\my-project\YourPar MVP>npm audit fix
npm warn audit request to https://registry.npmjs.org/-/npm/v1/security/advisories/bulk failed, reason:
undefined
npm error audit endpoint returned an error
npm error A complete log of this run can be found in: C:\Users\Mark\AppData\Local\npm-cache\_logs\2026-02-08T00_45_16_030Z-debug-0.log

C:\Users\Mark\OneDrive\Documents\Python\my-project\YourPar MVP>dir package-lock.json
 Volume in drive C has no label.
 Volume Serial Number is 44A4-C9E9

 Directory of C:\Users\Mark\OneDrive\Documents\Python\my-project\YourPar MVP

08/02/2026  11:45 AM           564,707 package-lock.json
               1 File(s)        564,707 bytes
               0 Dir(s)   5,128,101,888 bytes free

C:\Users\Mark\OneDrive\Documents\Python\my-project\YourPar MVP>npm config get package-lock
true

C:\Users\Mark\OneDrive\Documents\Python\my-project\YourPar MVP>npm install --package-lock-only

up to date, audited 1087 packages in 11s

180 packages are looking for funding
  run `npm fund` for details

2 high severity vulnerabilities

To address all issues, run:
  npm audit fix

Run `npm audit` for details.

C:\Users\Mark\OneDrive\Documents\Python\my-project\YourPar MVP>dir package-lock.json
 Volume in drive C has no label.
 Volume Serial Number is 44A4-C9E9

 Directory of C:\Users\Mark\OneDrive\Documents\Python\my-project\YourPar MVP

08/02/2026  11:50 AM           564,707 package-lock.json
               1 File(s)        564,707 bytes
               0 Dir(s)   5,127,774,208 bytes free

C:\Users\Mark\OneDrive\Documents\Python\my-project\YourPar MVP>git add package-lock.json
warning: in the working copy of 'YourPar MVP/package-lock.json', LF will be replaced by CRLF the next time Git touches it

C:\Users\Mark\OneDrive\Documents\Python\my-project\YourPar MVP>git commit -m "Add package-lock for EAS"
[main 6fb316b] Add package-lock for EAS
 1 file changed, 15251 insertions(+)
 create mode 100644 YourPar MVP/package-lock.json

C:\Users\Mark\OneDrive\Documents\Python\my-project\YourPar MVP>git push
Enumerating objects: 523, done.
Counting objects: 100% (523/523), done.
Delta compression using up to 4 threads
Compressing objects: 100% (468/468), done.
Writing objects: 100% (521/521), 15.96 MiB | 391.00 KiB/s, done.
Total 521 (delta 94), reused 0 (delta 0), pack-reused 0 (from 0)
remote: Resolving deltas: 100% (94/94), completed with 1 local object.
To https://github.com/DiscoDataDude/my-project.git
   8007d11..6fb316b  main -> main

C:\Users\Mark\OneDrive\Documents\Python\my-project\YourPar MVP>eas build --platform ios
Resolved "production" environment for the build. Learn more: https://docs.expo.dev/eas/environment-variables/#setting-the-environment-for-your-builds
No environment variables with visibility "Plain text" and "Sensitive" found for the "production" environment on EAS.

✔ Incremented buildNumber from 1 to 2.


✔ Using remote iOS credentials (Expo server)

If you provide your Apple account credentials we will be able to generate all necessary build credentials and fully validate them.
This is optional, but without Apple account access you will need to provide all the missing values manually and we can only run minimal validation on them.
√ Do you want to log in to your Apple account? ... yes

› Log in to your Apple Developer account to continue
√ Apple ID: ... mdawesy@gmail.com
› Restoring session C:\Users\Mark\.app-store\auth\mdawesy@gmail.com\cookie
› Team Mark Dawes (784AX497LF)
› Provider Mark Dawes (128527704)
√ Logged in Local session
✔ Bundle identifier registered com.markdawes.yourpar
✔ Synced capabilities: No updates
✔ Synced capability identifiers: No updates
✔ Fetched Apple distribution certificates
✔ Fetched Apple provisioning profiles

Project Credentials Configuration

Project                   @discodev/yourpar
Bundle Identifier         com.markdawes.yourpar

App Store Configuration 

Distribution Certificate
Serial Number             2F1561FC224F8042EE9E1B261E069F5F
Expiration Date           Mon, 08 Feb 2027 11:21:29 EDT
Apple Team                784AX497LF (Mark Dawes (Individual))
Updated                   22 minutes ago

Provisioning Profile    
Developer Portal ID       JHF69QN9T9
Status                    active
Expiration                Mon, 08 Feb 2027 11:21:29 EDT
Apple Team                784AX497LF (Mark Dawes (Individual))
Updated                   22 minutes ago

All credentials are ready to build @discodev/yourpar (com.markdawes.yourpar)


Compressing project files and uploading to EAS Build. Learn more: https://expo.fyi/eas-build-archive
✔ Compressed project files 11s (30.4 MB)
✔ Uploaded to EAS 59s
⌛️ Computing the project fingerprint is taking longer than expected...
⏩ To skip this step, set the environment variable: EAS_SKIP_AUTO_FINGERPRINT=1
✔ Computed project fingerprint

See logs: https://expo.dev/accounts/discodev/projects/yourpar/builds/dc9f86e0-9465-4212-aba4-7b3f5c27b3a2

Waiting for build to complete. You can press Ctrl+C to exit.
✖ Build failed

🍏 iOS build failed:
Unknown error. See logs of the Install dependencies build phase for more information.

C:\Users\Mark\OneDrive\Documents\Python\my-project\YourPar MVP>dir .easignore
 Volume in drive C has no label.
 Volume Serial Number is 44A4-C9E9

 Directory of C:\Users\Mark\OneDrive\Documents\Python\my-project\YourPar MVP

File Not Found

C:\Users\Mark\OneDrive\Documents\Python\my-project\YourPar MVP>git init
Initialized empty Git repository in C:/Users/Mark/OneDrive/Documents/Python/my-project/YourPar MVP/.git/

C:\Users\Mark\OneDrive\Documents\Python\my-project\YourPar MVP>git add .
warning: in the working copy of '.gitignore', LF will be replaced by CRLF the next time Git touches it
warning: in the working copy of '.prettierrc', LF will be replaced by CRLF the next time Git touches it
warning: in the working copy of '.vscode/extensions.json', LF will be replaced by CRLF the next time Git touches it
warning: in the working copy of '.vscode/settings.json', LF will be replaced by CRLF the next time Git touches it
warning: in the working copy of 'PROJECT_BRIEF.md', LF will be replaced by CRLF the next time Git touches it
warning: in the working copy of 'README.md', LF will be replaced by CRLF the next time Git touches it
warning: in the working copy of '__tests__/clubDistances.test.js', LF will be replaced by CRLF the next time Git touches it
warning: in the working copy of '__tests__/holeStrategy.test.js', LF will be replaced by CRLF the next time Git touches 
it
warning: in the working copy of 'app.js', LF will be replaced by CRLF the next time Git touches it
warning: in the working copy of 'app.json', LF will be replaced by CRLF the next time Git touches it
warning: in the working copy of 'app/(tabs)/_layout.tsx', LF will be replaced by CRLF the next time Git touches it
warning: in the working copy of 'app/(tabs)/explore.tsx', LF will be replaced by CRLF the next time Git touches it      
warning: in the working copy of 'app/(tabs)/index.tsx', LF will be replaced by CRLF the next time Git touches it
warning: in the working copy of 'app/_layout.tsx', LF will be replaced by CRLF the next time Git touches it
warning: in the working copy of 'app/clubs.js', LF will be replaced by CRLF the next time Git touches it
warning: in the working copy of 'app/course-entry.js', LF will be replaced by CRLF the next time Git touches it
warning: in the working copy of 'app/course-select.js', LF will be replaced by CRLF the next time Git touches it
warning: in the working copy of 'app/goal.js', LF will be replaced by CRLF the next time Git touches it
warning: in the working copy of 'app/hole.js', LF will be replaced by CRLF the next time Git touches it
warning: in the working copy of 'app/index.js', LF will be replaced by CRLF the next time Git touches it
warning: in the working copy of 'app/modal.tsx', LF will be replaced by CRLF the next time Git touches it
warning: in the working copy of 'app/par-card.js', LF will be replaced by CRLF the next time Git touches it
warning: in the working copy of 'app/settings.js', LF will be replaced by CRLF the next time Git touches it
warning: in the working copy of 'components/PrimaryButton.tsx', LF will be replaced by CRLF the next time Git touches itwarning: in the working copy of 'components/external-link.tsx', LF will be replaced by CRLF the next time Git touches itwarning: in the working copy of 'components/haptic-tab.tsx', LF will be replaced by CRLF the next time Git touches it
warning: in the working copy of 'components/hello-wave.tsx', LF will be replaced by CRLF the next time Git touches it   
warning: in the working copy of 'components/parallax-scroll-view.tsx', LF will be replaced by CRLF the next time Git touches it
warning: in the working copy of 'components/themed-text.tsx', LF will be replaced by CRLF the next time Git touches it  
warning: in the working copy of 'components/themed-view.tsx', LF will be replaced by CRLF the next time Git touches it
warning: in the working copy of 'components/ui/collapsible.tsx', LF will be replaced by CRLF the next time Git touches it
warning: in the working copy of 'components/ui/icon-symbol.ios.tsx', LF will be replaced by CRLF the next time Git touches it
warning: in the working copy of 'components/ui/icon-symbol.tsx', LF will be replaced by CRLF the next time Git touches it
warning: in the working copy of 'constants/theme.ts', LF will be replaced by CRLF the next time Git touches it
warning: in the working copy of 'constants/ui.ts', LF will be replaced by CRLF the next time Git touches it
warning: in the working copy of 'data/burns.json', LF will be replaced by CRLF the next time Git touches it
warning: in the working copy of 'eas.json', LF will be replaced by CRLF the next time Git touches it
warning: in the working copy of 'eslint.config.js', LF will be replaced by CRLF the next time Git touches it
warning: in the working copy of 'hooks/use-color-scheme.ts', LF will be replaced by CRLF the next time Git touches it   
warning: in the working copy of 'hooks/use-color-scheme.web.ts', LF will be replaced by CRLF the next time Git touches it
warning: in the working copy of 'hooks/use-theme-color.ts', LF will be replaced by CRLF the next time Git touches it    
warning: in the working copy of 'jest.config.cjs', LF will be replaced by CRLF the next time Git touches it
warning: in the working copy of 'jest.setup.js', LF will be replaced by CRLF the next time Git touches it
warning: in the working copy of 'legacy/ClubSetupScreen.js', LF will be replaced by CRLF the next time Git touches it   
warning: in the working copy of 'legacy/CourseSelectScreen.js', LF will be replaced by CRLF the next time Git touches itwarning: in the working copy of 'legacy/HomeScreen.js', LF will be replaced by CRLF the next time Git touches it
warning: in the working copy of 'legacy/README.md', LF will be replaced by CRLF the next time Git touches it
warning: in the working copy of 'package-lock.json', LF will be replaced by CRLF the next time Git touches it
warning: in the working copy of 'package.json', LF will be replaced by CRLF the next time Git touches it
warning: in the working copy of 'scripts/reset-project.js', LF will be replaced by CRLF the next time Git touches it
warning: in the working copy of 'tsconfig.json', LF will be replaced by CRLF the next time Git touches it
warning: in the working copy of 'utils/clubDistances.js', LF will be replaced by CRLF the next time Git touches it
warning: in the working copy of 'utils/courseUtils.js', LF will be replaced by CRLF the next time Git touches it        
warning: in the working copy of 'utils/distanceUnits.js', LF will be replaced by CRLF the next time Git touches it      
warning: in the working copy of 'utils/holeStrategy.js', LF will be replaced by CRLF the next time Git touches it       
warning: in the working copy of 'utils/strategy.js', LF will be replaced by CRLF the next time Git touches it

C:\Users\Mark\OneDrive\Documents\Python\my-project\YourPar MVP>git commit -m "initial commit"
[master (root-commit) bd59197] initial commit
 67 files changed, 20062 insertions(+)
 create mode 100644 .gitignore
 create mode 100644 .prettierignore
 create mode 100644 .prettierrc
 create mode 100644 .vscode/extensions.json
 create mode 100644 .vscode/settings.json
 create mode 100644 PROJECT_BRIEF.md
 create mode 100644 README.md
 create mode 100644 __tests__/clubDistances.test.js
 create mode 100644 __tests__/holeStrategy.test.js
 create mode 100644 app.js
 create mode 100644 app.json
 create mode 100644 app/(tabs)/_layout.tsx
 create mode 100644 app/(tabs)/explore.tsx
 create mode 100644 app/(tabs)/index.tsx
 create mode 100644 app/_layout.tsx
 create mode 100644 app/clubs.js
 create mode 100644 app/course-entry.js
 create mode 100644 app/course-select.js
 create mode 100644 app/goal.js
 create mode 100644 app/hole.js
 create mode 100644 app/index.js
 create mode 100644 app/modal.tsx
 create mode 100644 app/par-card.js
 create mode 100644 app/settings.js
 create mode 100644 assets/images/android-icon-background.png
 create mode 100644 assets/images/android-icon-foreground.png
 create mode 100644 assets/images/android-icon-monochrome.png
 create mode 100644 assets/images/favicon.png
 create mode 100644 assets/images/icon.png
 create mode 100644 assets/images/partial-react-logo.png
 create mode 100644 assets/images/react-logo.png
 create mode 100644 assets/images/react-logo@2x.png
 create mode 100644 assets/images/react-logo@3x.png
 create mode 100644 assets/images/splash-icon.png
 create mode 100644 components/PrimaryButton.tsx
 create mode 100644 components/external-link.tsx
 create mode 100644 components/haptic-tab.tsx
 create mode 100644 components/hello-wave.tsx
 create mode 100644 components/parallax-scroll-view.tsx
 create mode 100644 components/themed-text.tsx
 create mode 100644 components/themed-view.tsx
 create mode 100644 components/ui/collapsible.tsx
 create mode 100644 components/ui/icon-symbol.ios.tsx
 create mode 100644 components/ui/icon-symbol.tsx
 create mode 100644 constants/theme.ts
 create mode 100644 constants/ui.ts
 create mode 100644 data/burns.json
 create mode 100644 eas.json
 create mode 100644 eslint.config.js
 create mode 100644 hooks/use-color-scheme.ts
 create mode 100644 hooks/use-color-scheme.web.ts
 create mode 100644 hooks/use-theme-color.ts
 create mode 100644 jest.config.cjs
 create mode 100644 jest.setup.js
 create mode 100644 legacy/ClubSetupScreen.js
 create mode 100644 legacy/CourseSelectScreen.js
 create mode 100644 legacy/HomeScreen.js
 create mode 100644 legacy/README.md
 create mode 100644 package-lock.json
 create mode 100644 package.json
 create mode 100644 scripts/reset-project.js
 create mode 100644 tsconfig.json
 create mode 100644 utils/clubDistances.js
 create mode 100644 utils/courseUtils.js
 create mode 100644 utils/distanceUnits.js
 create mode 100644 utils/holeStrategy.js
 create mode 100644 utils/strategy.js

C:\Users\Mark\OneDrive\Documents\Python\my-project\YourPar MVP>git remote add origin https://github.com/DiscoDataDude/YourPar.git

C:\Users\Mark\OneDrive\Documents\Python\my-project\YourPar MVP>git push -u origin main
error: src refspec main does not match any
error: failed to push some refs to 'https://github.com/DiscoDataDude/YourPar.git'

C:\Users\Mark\OneDrive\Documents\Python\my-project\YourPar MVP>git push -u origin main
error: src refspec main does not match any
error: failed to push some refs to 'https://github.com/DiscoDataDude/YourPar.git'

C:\Users\Mark\OneDrive\Documents\Python\my-project\YourPar MVP>git branch -M main

C:\Users\Mark\OneDrive\Documents\Python\my-project\YourPar MVP>git pusj -u origin main
git: 'pusj' is not a git command. See 'git --help'.

The most similar command is
        push

C:\Users\Mark\OneDrive\Documents\Python\my-project\YourPar MVP>git push -u origin main
Enumerating objects: 83, done.
Counting objects: 100% (83/83), done.
Delta compression using up to 4 threads
Compressing objects: 100% (77/77), done.
Writing objects: 100% (83/83), 713.56 KiB | 6.49 MiB/s, done.
Total 83 (delta 0), reused 0 (delta 0), pack-reused 0 (from 0)
To https://github.com/DiscoDataDude/YourPar.git
 * [new branch]      main -> main
branch 'main' set up to track 'origin/main'.

C:\Users\Mark\OneDrive\Documents\Python\my-project\YourPar MVP>eas init
✔ Project already linked (ID: e573d6f1-7efd-4692-875b-21d1bb6e1d3b). To re-configure, remove the "extra.eas.projectId" field from your app config.

C:\Users\Mark\OneDrive\Documents\Python\my-project\YourPar MVP>eas build --platform ios
Resolved "production" environment for the build. Learn more: https://docs.expo.dev/eas/environment-variables/#setting-the-environment-for-your-builds
No environment variables with visibility "Plain text" and "Sensitive" found for the "production" environment on EAS.

✔ Incremented buildNumber from 2 to 3.


✔ Using remote iOS credentials (Expo server)

If you provide your Apple account credentials we will be able to generate all necessary build credentials and fully validate them.
This is optional, but without Apple account access you will need to provide all the missing values manually and we can only run minimal validation on them.
√ Do you want to log in to your Apple account? ... yes

› Log in to your Apple Developer account to continue
√ Apple ID: ... mdawesy@gmail.com
› Restoring session C:\Users\Mark\.app-store\auth\mdawesy@gmail.com\cookie
› Team Mark Dawes (784AX497LF)
› Provider Mark Dawes (128527704)
√ Logged in Local session
✔ Bundle identifier registered com.markdawes.yourpar
✔ Synced capabilities: No updates
✔ Synced capability identifiers: No updates
✔ Fetched Apple distribution certificates
✔ Fetched Apple provisioning profiles

Project Credentials Configuration

Project                   @discodev/yourpar
Bundle Identifier         com.markdawes.yourpar

App Store Configuration 

Distribution Certificate
Serial Number             2F1561FC224F8042EE9E1B261E069F5F
Expiration Date           Mon, 08 Feb 2027 11:21:29 EDT
Apple Team                784AX497LF (Mark Dawes (Individual))
Updated                   47 minutes ago

Project                   @discodev/yourpar
Bundle Identifier         com.markdawes.yourpar

App Store Configuration

Distribution Certificate
Serial Number             2F1561FC224F8042EE9E1B261E069F5F
Expiration Date           Mon, 08 Feb 2027 11:21:29 EDT
Apple Team                784AX497LF (Mark Dawes (Individual))
Updated                   47 minutes ago


App Store Configuration

Distribution Certificate
Serial Number             2F1561FC224F8042EE9E1B261E069F5F
Expiration Date           Mon, 08 Feb 2027 11:21:29 EDT
Apple Team                784AX497LF (Mark Dawes (Individual))
Updated                   47 minutes ago

Distribution Certificate
Serial Number             2F1561FC224F8042EE9E1B261E069F5F
Expiration Date           Mon, 08 Feb 2027 11:21:29 EDT
Apple Team                784AX497LF (Mark Dawes (Individual))
Updated                   47 minutes ago

Expiration Date           Mon, 08 Feb 2027 11:21:29 EDT
Apple Team                784AX497LF (Mark Dawes (Individual))
Updated                   47 minutes ago

Apple Team                784AX497LF (Mark Dawes (Individual))
Updated                   47 minutes ago

Provisioning Profile

Provisioning Profile
Provisioning Profile
Developer Portal ID       JHF69QN9T9
Status                    active
Expiration                Mon, 08 Feb 2027 11:21:29 EDT
Developer Portal ID       JHF69QN9T9
Status                    active
Expiration                Mon, 08 Feb 2027 11:21:29 EDT
Expiration                Mon, 08 Feb 2027 11:21:29 EDT
Apple Team                784AX497LF (Mark Dawes (Individual))
Updated                   47 minutes ago
Apple Team                784AX497LF (Mark Dawes (Individual))
Updated                   47 minutes ago
Updated                   47 minutes ago

All credentials are ready to build @discodev/yourpar (com.markdawes.yourpar)

All credentials are ready to build @discodev/yourpar (com.markdawes.yourpar)
All credentials are ready to build @discodev/yourpar (com.markdawes.yourpar)


Compressing project files and uploading to EAS Build. Learn more: https://expo.fyi/eas-build-archive
✔ Compressed project files 1s (1.4 MB)
✔ Uploaded to EAS 4s
⌛️ Computing the project fingerprint is taking longer than expected...
⏩ To skip this step, set the environment variable: EAS_SKIP_AUTO_FINGERPRINT=1
✔ Computed project fingerprint

See logs: https://expo.dev/accounts/discodev/projects/yourpar/builds/f6d2c3f0-d268-4460-a5d9-5dfbfbda48d0

Waiting for build to complete. You can press Ctrl+C to exit.
✖ Build failed

🍏 iOS build failed:
Unknown error. See logs of the Install dependencies build phase for more information.

C:\Users\Mark\OneDrive\Documents\Python\my-project\YourPar MVP>git add app.json
warning: in the working copy of 'app.json', LF will be replaced by CRLF the next time Git touches it

C:\Users\Mark\OneDrive\Documents\Python\my-project\YourPar MVP>git commit -m "unlink old EAS project"
[main 899a42d] unlink old EAS project
 1 file changed, 1 insertion(+), 6 deletions(-)

C:\Users\Mark\OneDrive\Documents\Python\my-project\YourPar MVP>git push
Enumerating objects: 5, done.
Counting objects: 100% (5/5), done.
Delta compression using up to 4 threads
Compressing objects: 100% (3/3), done.
Writing objects: 100% (3/3), 330 bytes | 330.00 KiB/s, done.
Total 3 (delta 2), reused 0 (delta 0), pack-reused 0 (from 0)
remote: Resolving deltas: 100% (2/2), completed with 2 local objects.
To https://github.com/DiscoDataDude/YourPar.git
   bd59197..899a42d  main -> main

C:\Users\Mark\OneDrive\Documents\Python\my-project\YourPar MVP>eas init
√ Existing project found: @discodev/yourpar (ID: e573d6f1-7efd-4692-875b-21d1bb6e1d3b). Link this project? ... no       
Project ID configuration canceled. Re-run the command to select a different account/project.
    Error: project:init command failed.

C:\Users\Mark\OneDrive\Documents\Python\my-project\YourPar MVP>git add app.json

C:\Users\Mark\OneDrive\Documents\Python\my-project\YourPar MVP>git add app.json
warning: in the working copy of 'app.json', LF will be replaced by CRLF the next time Git touches it

C:\Users\Mark\OneDrive\Documents\Python\my-project\YourPar MVP>git commit -m "Change Expo slug to avoid stale EAS project"
[main f7f3676] Change Expo slug to avoid stale EAS project
 1 file changed, 1 insertion(+), 1 deletion(-)

C:\Users\Mark\OneDrive\Documents\Python\my-project\YourPar MVP>git push
Enumerating objects: 5, done.
Counting objects: 100% (5/5), done.
Delta compression using up to 4 threads
Compressing objects: 100% (3/3), done.
Writing objects: 100% (3/3), 323 bytes | 323.00 KiB/s, done.
Total 3 (delta 2), reused 0 (delta 0), pack-reused 0 (from 0)
remote: Resolving deltas: 100% (2/2), completed with 2 local objects.
To https://github.com/DiscoDataDude/YourPar.git
   899a42d..f7f3676  main -> main

C:\Users\Mark\OneDrive\Documents\Python\my-project\YourPar MVP>eas init
√ Would you like to create a project for @discodev/yourpar-mvp? ... yes
✔ Created @discodev/yourpar-mvp: https://expo.dev/accounts/discodev/projects/yourpar-mvp
√ Project successfully linked (ID: cac0a5c6-fcbf-4308-8cea-f10fb420aff5) (modified app.json)

C:\Users\Mark\OneDrive\Documents\Python\my-project\YourPar MVP>eas build --platform ios --clear-cache
Resolved "production" environment for the build. Learn more: https://docs.expo.dev/eas/environment-variables/#setting-the-environment-for-your-builds
No environment variables with visibility "Plain text" and "Sensitive" found for the "production" environment on EAS.

No remote versions are configured for this project, buildNumber will be initialized based on the value from the local project.
✔ Initialized buildNumber with 1.


✔ Using remote iOS credentials (Expo server)

If you provide your Apple account credentials we will be able to generate all necessary build credentials and fully validate them.
This is optional, but without Apple account access you will need to provide all the missing values manually and we can only run minimal validation on them.
√ Do you want to log in to your Apple account? ... yes

› Log in to your Apple Developer account to continue
√ Apple ID: ... mdawesy@gmail.com
› Restoring session C:\Users\Mark\.app-store\auth\mdawesy@gmail.com\cookie
› Team Mark Dawes (784AX497LF)
› Provider Mark Dawes (128527704)
√ Logged in Local session
✔ Bundle identifier registered com.markdawes.yourpar
✔ Synced capabilities: No updates
✔ Synced capability identifiers: No updates
✔ Fetched Apple distribution certificates
√ Reuse this distribution certificate?
Cert ID: 78MG4H77A2, Serial number: 2F1561FC224F8042EE9E1B261E069F5F, Team ID: 784AX497LF, Team name: Mark Dawes (Individual)
    Created: 1 hour ago, Updated: 1 hour ago,
    Expires: Mon, 08 Feb 2027 11:21:29 EDT
    📲 Used by: @discodev/yourpar ... yes
Using distribution certificate with serial number 2F1561FC224F8042EE9E1B261E069F5F
√ Generate a new Apple Provisioning Profile? ... yes
✔ Created Apple provisioning profile
✔ Created provisioning profile

Project Credentials Configuration

Project                   @discodev/yourpar-mvp
Bundle Identifier         com.markdawes.yourpar

App Store Configuration 

Distribution Certificate
Serial Number             2F1561FC224F8042EE9E1B261E069F5F
Expiration Date           Mon, 08 Feb 2027 11:21:29 EDT
Apple Team                784AX497LF (Mark Dawes (Individual))
Updated                   1 hour ago

Provisioning Profile    
Developer Portal ID       5255FNMPPN
Status                    active
Expiration                Mon, 08 Feb 2027 11:21:29 EDT
Apple Team                784AX497LF (Mark Dawes (Individual))
Updated                   4 seconds ago

All credentials are ready to build @discodev/yourpar-mvp (com.markdawes.yourpar)


Compressing project files and uploading to EAS Build. Learn more: https://expo.fyi/eas-build-archive
✔ Compressed project files 1s (1.4 MB)
✔ Uploaded to EAS 4s
⌛️ Computing the project fingerprint is taking longer than expected...
⏩ To skip this step, set the environment variable: EAS_SKIP_AUTO_FINGERPRINT=1
✔ Computed project fingerprint

See logs: https://expo.dev/accounts/discodev/projects/yourpar-mvp/builds/734d4e49-3bc6-4d4e-ade5-efeabdde2a9e

Waiting for build to complete. You can press Ctrl+C to exit.
✖ Build failed

🍏 iOS build failed:
Unknown error. See logs of the Install dependencies build phase for more information.

C:\Users\Mark\OneDrive\Documents\Python\my-project\YourPar MVP>git add eas.json
warning: in the working copy of 'eas.json', LF will be replaced by CRLF the next time Git touches it

C:\Users\Mark\OneDrive\Documents\Python\my-project\YourPar MVP>git commit - m"overgit commit -m "Override EAS install command to npm install"
error: pathspec '-' did not match any file(s) known to git
error: pathspec 'movergit commit -m Override' did not match any file(s) known to git
error: pathspec 'EAS' did not match any file(s) known to git
error: pathspec 'install' did not match any file(s) known to git
error: pathspec 'command' did not match any file(s) known to git
error: pathspec 'to' did not match any file(s) known to git
error: pathspec 'npm' did not match any file(s) known to git
error: pathspec 'install' did not match any file(s) known to git

C:\Users\Mark\OneDrive\Documents\Python\my-project\YourPar MVP>git commit -m "Override EAS install command to npm install"
[main b6fa4d1] Override EAS install command to npm install
 1 file changed, 9 insertions(+), 3 deletions(-)

C:\Users\Mark\OneDrive\Documents\Python\my-project\YourPar MVP>git push
Enumerating objects: 5, done.
Counting objects: 100% (5/5), done.
Delta compression using up to 4 threads
Compressing objects: 100% (3/3), done.
Writing objects: 100% (3/3), 419 bytes | 139.00 KiB/s, done.
Total 3 (delta 2), reused 0 (delta 0), pack-reused 0 (from 0)
remote: Resolving deltas: 100% (2/2), completed with 2 local objects.
To https://github.com/DiscoDataDude/YourPar.git
   f7f3676..b6fa4d1  main -> main

C:\Users\Mark\OneDrive\Documents\Python\my-project\YourPar MVP>eas build --platform ios --clear-cache
eas.json is not valid.
- "build.development.installCommand" is not allowed
- "build.preview.installCommand" is not allowed
- "build.production.installCommand" is not allowed
    Error: build command failed.

C:\Users\Mark\OneDrive\Documents\Python\my-project\YourPar MVP>
C:\Users\Mark\OneDrive\Documents\Python\my-project\YourPar MVP>